------------------------------------------------------------
TimeQuest Timing Analyzer Summary
------------------------------------------------------------

Type  : Slow 900mV 100C Model Setup 'SCL'
Slack : -1.403
TNS   : -44.513

Type  : Slow 900mV 100C Model Setup 'SDA'
Slack : -0.959
TNS   : -0.959

Type  : Slow 900mV 100C Model Hold 'SCL'
Slack : 0.325
TNS   : 0.000

Type  : Slow 900mV 100C Model Hold 'SDA'
Slack : 0.821
TNS   : 0.000

Type  : Slow 900mV 100C Model Minimum Pulse Width 'SCL'
Slack : -2.846
TNS   : -66.885

Type  : Slow 900mV 100C Model Minimum Pulse Width 'SDA'
Slack : -2.846
TNS   : -4.453

Type  : Slow 900mV -40C Model Setup 'SCL'
Slack : -1.329
TNS   : -40.869

Type  : Slow 900mV -40C Model Setup 'SDA'
Slack : -0.902
TNS   : -0.902

Type  : Slow 900mV -40C Model Hold 'SCL'
Slack : 0.315
TNS   : 0.000

Type  : Slow 900mV -40C Model Hold 'SDA'
Slack : 0.661
TNS   : 0.000

Type  : Slow 900mV -40C Model Minimum Pulse Width 'SCL'
Slack : -2.846
TNS   : -66.926

Type  : Slow 900mV -40C Model Minimum Pulse Width 'SDA'
Slack : -2.846
TNS   : -4.448

Type  : Fast 900mV -40C Model Setup 'SCL'
Slack : -0.471
TNS   : -13.558

Type  : Fast 900mV -40C Model Setup 'SDA'
Slack : 0.066
TNS   : 0.000

Type  : Fast 900mV -40C Model Hold 'SCL'
Slack : 0.157
TNS   : 0.000

Type  : Fast 900mV -40C Model Hold 'SDA'
Slack : 0.420
TNS   : 0.000

Type  : Fast 900mV -40C Model Minimum Pulse Width 'SCL'
Slack : -2.846
TNS   : -29.661

Type  : Fast 900mV -40C Model Minimum Pulse Width 'SDA'
Slack : -2.846
TNS   : -3.497

------------------------------------------------------------
